// Jest Snapshot v1, https://goo.gl/fbAQLP

exports[`Render renders event page 1`] = `
<div
  className="loading"
>
  <div
    className="loader"
  />
</div>
`;

exports[`renders elements 1`] = `
<nav
  className="navbar navbar-expand navbar-light"
  id="navbar-custom"
>
  <a
    aria-current={null}
    className="navbar-brand"
    href="/events"
    onClick={[Function]}
  >
    <img
      className=""
      id="logo"
      src="/logotipo_agenda.png"
    />
  </a>
  <div
    aria-expanded={null}
    className="navbar-collapse collapse"
    id="responsive-navbar-nav"
  >
    <div
      className="navbar-nav"
      onKeyDown={[Function]}
    />
    <div
      className="navbar-nav"
      onKeyDown={[Function]}
    />
  </div>
</nav>
`;

exports[`renders elements 2`] = `null`;
