// Jest Snapshot v1, https://goo.gl/fbAQLP

exports[`Check Render ListEvents renders log in form 1`] = `
<div
  id="login-container"
>
  <div
    className="row"
  >
    <div
      className="login-col-first col-sm-6"
    >
      <img
        className=""
        src="logotipo_completo.png"
      />
    </div>
    <div
      className="col-sm-6"
    >
      <form
        className=""
        onSubmit={[Function]}
      >
        <div
          className="input-group"
        >
          <div
            className="input-group-prepend"
          >
            <span
              className="input-group-text"
              id="basic-addon"
            />
          </div>
          <input
            aria-describedby="basic-addon"
            className="email-input form-control"
            onChange={[Function]}
            placeholder="Email"
            required={true}
            type="email"
            value=""
          />
        </div>
        <div
          className="input-group"
        >
          <div
            className="input-group-prepend"
          >
            <span
              className="input-group-text"
              id="basic-addon"
            />
          </div>
          <input
            className="password-input form-control"
            onChange={[Function]}
            placeholder="Password"
            required={true}
            type="password"
            value=""
          />
        </div>
        <button
          className="primary_button btn btn-primary"
          disabled={false}
          id="login-button"
          type="submit"
        >
          Entrar
        </button>
      </form>
    </div>
  </div>
</div>
`;

exports[`renders elements 1`] = `
<nav
  className="navbar navbar-expand navbar-light"
  id="navbar-custom"
>
  <a
    aria-current={null}
    className="navbar-brand"
    href="/events"
    onClick={[Function]}
  >
    <img
      className=""
      id="logo"
      src="/logotipo_agenda.png"
    />
  </a>
  <div
    aria-expanded={null}
    className="navbar-collapse collapse"
    id="responsive-navbar-nav"
  >
    <div
      className="navbar-nav"
      onKeyDown={[Function]}
    />
    <div
      className="navbar-nav"
      onKeyDown={[Function]}
    />
  </div>
</nav>
`;

exports[`renders elements 2`] = `null`;
