// Jest Snapshot v1, https://goo.gl/fbAQLP

exports[`renders elements 1`] = `
<nav
  className="navbar navbar-expand navbar-light"
  id="navbar-custom"
>
  <a
    className="navbar-brand"
    href="#"
  >
    <a
      aria-current={null}
      className="navbar-brand"
      href="/events"
      onClick={[Function]}
    >
      <img
        className=""
        id="logo"
        src="/logo.png"
      />
    </a>
  </a>
  <div
    aria-expanded={null}
    className="navbar-collapse collapse"
    id="responsive-navbar-nav"
  >
    <div
      className="navbar-nav"
      onKeyDown={[Function]}
    />
    <div
      className="navbar-nav"
      onKeyDown={[Function]}
    />
  </div>
</nav>
`;

exports[`renders elements 2`] = `null`;

exports[`renders elements 3`] = `null`;
