// Jest Snapshot v1, https://goo.gl/fbAQLP

exports[`Custom Header renders correctly 1`] = `
<View
  style={
    Array [
      Object {},
      Object {
        "height": "6%",
      },
    ]
  }
>
  <View
    style={
      Array [
        Object {},
        Object {
          "backgroundColor": "#002040",
          "flexDirection": "row",
          "height": "100%",
        },
      ]
    }
  >
    <View
      style={
        Array [
          Object {},
          Object {
            "flex": 2,
            "height": "100%",
          },
        ]
      }
    >
      <Image
        source={1}
        style={
          Object {
            "height": "100%",
            "marginHorizontal": "1%",
            "marginVertical": "0%",
            "resizeMode": "contain",
            "width": "80%",
          }
        }
      />
    </View>
    <View
      style={Object {}}
    >
      <View
        accessible={true}
        isTVSelectable={true}
        onResponderGrant={[Function]}
        onResponderMove={[Function]}
        onResponderRelease={[Function]}
        onResponderTerminate={[Function]}
        onResponderTerminationRequest={[Function]}
        onStartShouldSetResponder={[Function]}
        style={
          Object {
            "opacity": 1,
          }
        }
      >
        <View
          style={
            Object {
              "alignItems": "center",
              "backgroundColor": "rgba(255, 255, 255, 1)",
              "borderRadius": 18,
              "flexDirection": "row",
              "height": 36,
              "padding": 3,
              "width": 72,
            }
          }
        >
          <View
            style={
              Object {
                "alignItems": "center",
                "flex": 1,
                "justifyContent": "flex-start",
              }
            }
          >
            <Text
              accessible={true}
              allowFontScaling={true}
              ellipsizeMode="tail"
              style={
                Object {
                  "fontSize": 9,
                }
              }
            >
              EN
            </Text>
          </View>
          <View
            style={
              Object {
                "alignItems": "center",
                "backgroundColor": "rgba(229, 225, 224, 1)",
                "borderRadius": 15,
                "height": 30,
                "justifyContent": "center",
                "position": "absolute",
                "transform": Array [
                  Object {
                    "translateX": 36,
                  },
                ],
                "width": 30,
              }
            }
          >
            <View>
              <Text
                accessible={true}
                allowFontScaling={true}
                ellipsizeMode="tail"
                style={
                  Object {
                    "fontSize": 9,
                  }
                }
              >
                
              </Text>
            </View>
          </View>
          <View
            style={
              Object {
                "alignItems": "center",
                "flex": 1,
                "justifyContent": "center",
              }
            }
          >
            <Text
              accessible={true}
              allowFontScaling={true}
              ellipsizeMode="tail"
              style={
                Object {
                  "fontSize": 9,
                }
              }
            >
              PT
            </Text>
          </View>
        </View>
      </View>
    </View>
    <View
      style={
        Array [
          Object {},
          Object {
            "alignSelf": "center",
            "flex": 2,
          },
        ]
      }
    >
      <Text
        accessible={true}
        allowFontScaling={true}
        ellipsizeMode="tail"
        style={
          Array [
            Object {
              "color": "#000",
              "fontFamily": "System",
              "fontSize": 16,
            },
            Object {
              "color": "white",
              "marginHorizontal": "1%",
              "paddingRight": "1%",
              "textAlign": "right",
            },
          ]
        }
        uppercase={false}
      />
    </View>
  </View>
</View>
`;
