// Jest Snapshot v1, https://goo.gl/fbAQLP

exports[`renders correctly focused 1`] = `
<Text
  accessible={true}
  allowFontScaling={true}
  ellipsizeMode="tail"
/>
`;

exports[`renders correctly unfocused 1`] = `
<Text
  accessible={true}
  allowFontScaling={true}
  ellipsizeMode="tail"
/>
`;
